// Jest Snapshot v1, https://goo.gl/fbAQLP

exports[`Dashboard snapshot renders the UI as expected 1`] = `
<div
  className="dashboard"
>
  <section
    className="buttons"
  >
    <a
      href="/add-new-goal"
      onClick={[Function]}
    >
      <button
        className="add-one-time"
      >
        Add Goal
      </button>
    </a>
  </section>
  <section
    className="goal-summary-container"
  >
    <div
      className="goal-summary"
    >
      <h3
        className="goal-header"
      >
        Viewing 
        5
         Total Goals
      </h3>
    </div>
    <div
      className="goals-filter"
    >
      <input
        className="name-search"
        onChange={[Function]}
        placeholder="Search goals by name"
        type="text"
      />
      <div
        className="goal-category"
      >
        <select
          defaultValue=""
          id="goal-category"
          name="goal-category"
        >
          <option
            value=""
          >
            Choose Category
          </option>
          <option
            value="get-fit"
          >
            Get Fit
          </option>
          <option
            value="nutrition"
          >
            Nutrition
          </option>
          <option
            value="personal-growth"
          >
            Personal Growth
          </option>
          <option
            value="health"
          >
            Health
          </option>
          <option
            value="learn-skill"
          >
            Learn A Skill
          </option>
          <option
            value="be-productive"
          >
            Be Productive
          </option>
          <option
            value="mindfulness"
          >
            Mindfulness
          </option>
          <option
            value="sleep"
          >
            Sleep
          </option>
        </select>
      </div>
    </div>
  </section>
  <div
    className="total-goals"
  >
    <div
      className="goals-container"
    >
      <div
        className="goals-list"
      >
        <ul>
          <div
            className="goal-item"
          >
            <li
              className="list-goal-item"
            >
              <a
                href="/goal/1"
                onClick={[Function]}
              >
                <h2
                  className="goals-header"
                >
                  Brush Teeth
                </h2>
              </a>
              <p
                className="category"
              >
                Health
              </p>
              <p
                className="goal-note"
              >
                brush teeth 2x per day
              </p>
            </li>
            <div
              className="button-container"
            >
              <a
                href="/edit-goal"
                onClick={[Function]}
              >
                <button
                  onClick={[Function]}
                  type="submit"
                >
                  Edit
                </button>
              </a>
              <button
                className="delete-goal-btn"
                onClick={[Function]}
                type="submit"
              >
                Delete
              </button>
            </div>
          </div>
          <div
            className="goal-item"
          >
            <li
              className="list-goal-item"
            >
              <a
                href="/goal/2"
                onClick={[Function]}
              >
                <h2
                  className="goals-header"
                >
                  Journal
                </h2>
              </a>
              <p
                className="category"
              >
                Personal Growth
              </p>
              <p
                className="goal-note"
              >
                journal 2x per day
              </p>
            </li>
            <div
              className="button-container"
            >
              <a
                href="/edit-goal"
                onClick={[Function]}
              >
                <button
                  onClick={[Function]}
                  type="submit"
                >
                  Edit
                </button>
              </a>
              <button
                className="delete-goal-btn"
                onClick={[Function]}
                type="submit"
              >
                Delete
              </button>
            </div>
          </div>
          <div
            className="goal-item"
          >
            <li
              className="list-goal-item"
            >
              <a
                href="/goal/3"
                onClick={[Function]}
              >
                <h2
                  className="goals-header"
                >
                  Take a walk
                </h2>
              </a>
              <p
                className="category"
              >
                Get Fit
              </p>
              <p
                className="goal-note"
              >
                walk around the park with the dog
              </p>
            </li>
            <div
              className="button-container"
            >
              <a
                href="/edit-goal"
                onClick={[Function]}
              >
                <button
                  onClick={[Function]}
                  type="submit"
                >
                  Edit
                </button>
              </a>
              <button
                className="delete-goal-btn"
                onClick={[Function]}
                type="submit"
              >
                Delete
              </button>
            </div>
          </div>
          <div
            className="goal-item"
          >
            <li
              className="list-goal-item"
            >
              <a
                href="/goal/4"
                onClick={[Function]}
              >
                <h2
                  className="goals-header"
                >
                  Eat more veggies
                </h2>
              </a>
              <p
                className="category"
              >
                Get Fit
              </p>
              <p
                className="goal-note"
              >
                add more veggies to every meal
              </p>
            </li>
            <div
              className="button-container"
            >
              <a
                href="/edit-goal"
                onClick={[Function]}
              >
                <button
                  onClick={[Function]}
                  type="submit"
                >
                  Edit
                </button>
              </a>
              <button
                className="delete-goal-btn"
                onClick={[Function]}
                type="submit"
              >
                Delete
              </button>
            </div>
          </div>
          <div
            className="goal-item"
          >
            <li
              className="list-goal-item"
            >
              <a
                href="/goal/5"
                onClick={[Function]}
              >
                <h2
                  className="goals-header"
                >
                  Study computer science
                </h2>
              </a>
              <p
                className="category"
              >
                Learn a skill
              </p>
              <p
                className="goal-note"
              >
                study for 20 min per day
              </p>
            </li>
            <div
              className="button-container"
            >
              <a
                href="/edit-goal"
                onClick={[Function]}
              >
                <button
                  onClick={[Function]}
                  type="submit"
                >
                  Edit
                </button>
              </a>
              <button
                className="delete-goal-btn"
                onClick={[Function]}
                type="submit"
              >
                Delete
              </button>
            </div>
          </div>
        </ul>
      </div>
    </div>
  </div>
</div>
`;
